<testsuites name="results">
  <testsuite name="all" package="all">
    <property name="random_seed" value="1732819518" />
    <testcase name="test_random" classname="LFSR_test" file="/home/junyoung-sim/CES/lfsr/test/LFSR_test.py" lineno="81" time="1.5339605808258057" sim_time_ns="100005.001" ratio_time="65193.98363298387" />
  </testsuite>
</testsuites>
